// Jest Snapshot v1, https://goo.gl/fbAQLP

exports[`Transaction testing suite render without crashing 1`] = `
<DocumentFragment>
  <div
    class="css-0"
  >
    <div
      class="chakra-alert css-1hwd9xd"
      role="alert"
    >
      <span
        class="chakra-alert__icon css-1c6vscd"
      >
        <svg
          class="chakra-icon css-qk6lof"
          focusable="false"
          viewBox="0 0 24 24"
        >
          <path
            d="M12,0A12,12,0,1,0,24,12,12.013,12.013,0,0,0,12,0Zm.25,5a1.5,1.5,0,1,1-1.5,1.5A1.5,1.5,0,0,1,12.25,5ZM14.5,18.5h-4a1,1,0,0,1,0-2h.75a.25.25,0,0,0,.25-.25v-4.5a.25.25,0,0,0-.25-.25H10.5a1,1,0,0,1,0-2h1a2,2,0,0,1,2,2v4.75a.25.25,0,0,0,.25.25h.75a1,1,0,1,1,0,2Z"
            fill="currentColor"
          />
        </svg>
      </span>
      <div
        class="chakra-alert__title css-0"
      >
        This page uses dummy data!
      </div>
      <div
        class="chakra-alert__desc css-6n7j50"
      >
        Even though this page accepts accountId, it does not filter based on accountId due to lack of data points. But, this page follow cursor based pagination as per Relay specifications.
      </div>
    </div>
    <h1
      class="chakra-text css-1nvfbi4"
    >
      List of transactions
    </h1>
    <div
      class="chakra-table__container css-zipzvv"
    >
      <table
        class="chakra-table css-0"
      >
        <caption
          class="css-18i7bby"
        >
          Transactions data (5 per page)
        </caption>
        <thead
          class="css-0"
        >
          <tr
            class="css-0"
          >
            <th
              class="css-0"
            >
              S.no.
            </th>
            <th
              class="css-0"
            >
              ID
            </th>
            <th
              class="css-0"
            >
              Transaction done on
            </th>
            <th
              class="css-0"
            >
              Type
            </th>
            <th
              class="css-0"
            >
              Amount
            </th>
          </tr>
        </thead>
        <tbody
          class="css-0"
        >
          <tr
            class="css-0"
          >
            <td
              class="css-0"
            >
              1
            </td>
            <td
              class="css-0"
            >
              63b84ad9fc13ae2b950000b4
            </td>
            <td
              class="css-0"
            >
              2/21/2021, 5:35:34 AM
            </td>
            <td
              class="css-0"
            >
              credit
            </td>
            <td
              class="css-0"
            >
              80894.47
            </td>
          </tr>
          <tr
            class="css-0"
          >
            <td
              class="css-0"
            >
              2
            </td>
            <td
              class="css-0"
            >
              63b84ad9fc13ae2b950000b5
            </td>
            <td
              class="css-0"
            >
              4/21/2019, 2:39:46 PM
            </td>
            <td
              class="css-0"
            >
              credit
            </td>
            <td
              class="css-0"
            >
              39227.57
            </td>
          </tr>
          <tr
            class="css-0"
          >
            <td
              class="css-0"
            >
              3
            </td>
            <td
              class="css-0"
            >
              63b84ad9fc13ae2b950000b6
            </td>
            <td
              class="css-0"
            >
              2/6/2021, 6:34:12 PM
            </td>
            <td
              class="css-0"
            >
              credit
            </td>
            <td
              class="css-0"
            >
              86036.65
            </td>
          </tr>
          <tr
            class="css-0"
          >
            <td
              class="css-0"
            >
              4
            </td>
            <td
              class="css-0"
            >
              63b84ad9fc13ae2b950000b7
            </td>
            <td
              class="css-0"
            >
              2/15/2021, 10:47:32 AM
            </td>
            <td
              class="css-0"
            >
              credit
            </td>
            <td
              class="css-0"
            >
              7464.81
            </td>
          </tr>
          <tr
            class="css-0"
          >
            <td
              class="css-0"
            >
              5
            </td>
            <td
              class="css-0"
            >
              63b84ad9fc13ae2b950000b8
            </td>
            <td
              class="css-0"
            >
              9/6/2019, 11:50:27 AM
            </td>
            <td
              class="css-0"
            >
              credit
            </td>
            <td
              class="css-0"
            >
              7113.16
            </td>
          </tr>
          <tr
            class="css-0"
          >
            <td
              class="css-0"
            >
              6
            </td>
            <td
              class="css-0"
            >
              63b84ad9fc13ae2b950000b9
            </td>
            <td
              class="css-0"
            >
              10/9/2019, 10:42:04 PM
            </td>
            <td
              class="css-0"
            >
              credit
            </td>
            <td
              class="css-0"
            >
              12840.67
            </td>
          </tr>
          <tr
            class="css-0"
          >
            <td
              class="css-0"
            >
              7
            </td>
            <td
              class="css-0"
            >
              63b84ad9fc13ae2b950000ba
            </td>
            <td
              class="css-0"
            >
              8/24/2023, 7:49:50 AM
            </td>
            <td
              class="css-0"
            >
              debit
            </td>
            <td
              class="css-0"
            >
              18654.31
            </td>
          </tr>
          <tr
            class="css-0"
          >
            <td
              class="css-0"
            >
              8
            </td>
            <td
              class="css-0"
            >
              63b84ad9fc13ae2b950000bb
            </td>
            <td
              class="css-0"
            >
              7/18/2023, 12:01:06 AM
            </td>
            <td
              class="css-0"
            >
              debit
            </td>
            <td
              class="css-0"
            >
              14473.13
            </td>
          </tr>
          <tr
            class="css-0"
          >
            <td
              class="css-0"
            >
              9
            </td>
            <td
              class="css-0"
            >
              63b84ad9fc13ae2b950000bc
            </td>
            <td
              class="css-0"
            >
              1/24/2019, 5:50:04 PM
            </td>
            <td
              class="css-0"
            >
              debit
            </td>
            <td
              class="css-0"
            >
              96879.76
            </td>
          </tr>
          <tr
            class="css-0"
          >
            <td
              class="css-0"
            >
              10
            </td>
            <td
              class="css-0"
            >
              63b84ad9fc13ae2b950000bd
            </td>
            <td
              class="css-0"
            >
              11/11/2021, 6:34:40 AM
            </td>
            <td
              class="css-0"
            >
              debit
            </td>
            <td
              class="css-0"
            >
              66933.96
            </td>
          </tr>
        </tbody>
      </table>
    </div>
    <div
      class="css-gmuwbf"
    >
      <button
        class="chakra-button css-4xx2wk"
        disabled=""
        type="button"
      >
        Previous
      </button>
      <h4
        class="chakra-text css-1k6rq5w"
      >
        Page 1
      </h4>
      <button
        class="chakra-button css-4xx2wk"
        type="button"
      >
        Next
      </button>
    </div>
  </div>
</DocumentFragment>
`;
